#
# There is insufficient memory for the Java Runtime Environment to continue.
# Native memory allocation (malloc) failed to allocate 1048576 bytes. Error detail: AllocateHeap
# Possible reasons:
#   The system is out of physical RAM or swap space
#   This process is running with CompressedOops enabled, and the Java Heap may be blocking the growth of the native heap
# Possible solutions:
#   Reduce memory load on the system
#   Increase physical memory or swap space
#   Check if swap backing store is full
#   Decrease Java heap size (-Xmx/-Xms)
#   Decrease number of Java threads
#   Decrease Java thread stack sizes (-Xss)
#   Set larger code cache with -XX:ReservedCodeCacheSize=
#   JVM is running with Unscaled Compressed Oops mode in which the Java heap is
#     placed in the first 4GB address space. The Java Heap base address is the
#     maximum limit for the native heap growth. Please use -XX:HeapBaseMinAddress
#     to set the Java Heap base and to place the Java Heap above 4GB virtual address.
# This output file may be truncated or incomplete.
#
#  Out of Memory Error (allocation.cpp:44), pid=13692, tid=31560
#
# JRE version: OpenJDK Runtime Environment Temurin-21.0.8+9 (21.0.8+9) (build 21.0.8+9-LTS)
# Java VM: OpenJDK 64-Bit Server VM Temurin-21.0.8+9 (21.0.8+9-LTS, mixed mode, sharing, tiered, compressed oops, compressed class ptrs, parallel gc, windows-amd64)
# No core dump will be written. Minidumps are not enabled by default on client versions of Windows
#

---------------  S U M M A R Y ------------

Command Line: --add-modules=ALL-SYSTEM --add-opens=java.base/java.util=ALL-UNNAMED --add-opens=java.base/java.lang=ALL-UNNAMED --add-opens=java.base/sun.nio.fs=ALL-UNNAMED -Declipse.application=org.eclipse.jdt.ls.core.id1 -Dosgi.bundles.defaultStartLevel=4 -Declipse.product=org.eclipse.jdt.ls.core.product -Djava.import.generatesMetadataFilesAtProjectRoot=false -DDetectVMInstallationsJob.disabled=true -Dfile.encoding=utf8 -XX:+UseParallelGC -XX:GCTimeRatio=4 -XX:AdaptiveSizePolicyWeight=90 -Dsun.zip.disableMemoryMapping=true -Xmx2G -Xms100m -Xlog:disable -javaagent:c:\Users\Shweta\.vscode\extensions\redhat.java-1.47.0-win32-x64\lombok\lombok-1.18.39-4050.jar -XX:+HeapDumpOnOutOfMemoryError -XX:HeapDumpPath=c:\Users\Shweta\AppData\Roaming\Code\User\workspaceStorage\4936ef7f1eecdbdf47fabaa5b9288116\redhat.java -Daether.dependencyCollector.impl=bf c:\Users\Shweta\.vscode\extensions\redhat.java-1.47.0-win32-x64\server\plugins\org.eclipse.equinox.launcher_1.7.100.v20251014-1222.jar -configuration c:\Users\Shweta\AppData\Roaming\Code\User\globalStorage\redhat.java\1.47.0\config_win -data c:\Users\Shweta\AppData\Roaming\Code\User\workspaceStorage\4936ef7f1eecdbdf47fabaa5b9288116\redhat.java\jdt_ws --pipe=\\.\pipe\lsp-48223798f551461ff53a23de5b59dc64-sock

Host: AMD Ryzen 7 3700U with Radeon Vega Mobile Gfx  , 8 cores, 5G,  Windows 11 , 64 bit Build 26100 (10.0.26100.7019)
Time: Mon Nov 17 23:38:00 2025 India Standard Time elapsed time: 8318.051510 seconds (0d 2h 18m 38s)

---------------  T H R E A D  ---------------

Current thread (0x000001d879201c20):  JavaThread "Attach Listener" daemon [_thread_in_vm, id=31560, stack(0x000000aaad700000,0x000000aaad800000) (1024K)]

Stack: [0x000000aaad700000,0x000000aaad800000]
Native frames: (J=compiled Java code, j=interpreted, Vv=VM code, C=native code)
V  [jvm.dll+0x6d2449]
V  [jvm.dll+0x8ae341]
V  [jvm.dll+0x8b08be]
V  [jvm.dll+0x8b0fa3]
V  [jvm.dll+0x280c96]
V  [jvm.dll+0xc0347]
V  [jvm.dll+0x6d2cf9]
V  [jvm.dll+0x131116]
V  [jvm.dll+0x3f2d16]
V  [jvm.dll+0x857e6b]
V  [jvm.dll+0x6d0b0d]
C  [ucrtbase.dll+0x37b0]
C  [KERNEL32.DLL+0x2e8d7]
C  [ntdll.dll+0x8c53c]


---------------  P R O C E S S  ---------------

Threads class SMR info:
_java_thread_list=0x000001d850083280, length=34, elements={
0x000001d86fb7fec0, 0x000001d8791f8400, 0x000001d8791fc270, 0x000001d8791fea10,
0x000001d879201c20, 0x000001d879203bd0, 0x000001d879206240, 0x000001d879207070,
0x000001d87ac2b7d0, 0x000001d87acab540, 0x000001d87af110b0, 0x000001d85018c450,
0x000001d87f7ea9f0, 0x000001d87f65d140, 0x000001d87f65dfb0, 0x000001d85025b8b0,
0x000001d8503dc470, 0x000001d87af6ac80, 0x000001d87af6c030, 0x000001d87af6d3e0,
0x000001d87ad640a0, 0x000001d87ad62cf0, 0x000001d87ad66170, 0x000001d87ad63380,
0x000001d87ad65450, 0x000001d87ad64730, 0x000001d87ad67520, 0x000001d87ad67bb0,
0x000001d87ad64dc0, 0x000001d87ad65ae0, 0x000001d87ad68240, 0x000001d87ad688d0,
0x000001d850dfee50, 0x000001d850dfc6f0
}

Java Threads: ( => current thread )
  0x000001d86fb7fec0 JavaThread "main"                              [_thread_blocked, id=18496, stack(0x000000aaad000000,0x000000aaad100000) (1024K)]
  0x000001d8791f8400 JavaThread "Reference Handler"          daemon [_thread_blocked, id=32076, stack(0x000000aaad400000,0x000000aaad500000) (1024K)]
  0x000001d8791fc270 JavaThread "Finalizer"                  daemon [_thread_blocked, id=28208, stack(0x000000aaad500000,0x000000aaad600000) (1024K)]
  0x000001d8791fea10 JavaThread "Signal Dispatcher"          daemon [_thread_blocked, id=23232, stack(0x000000aaad600000,0x000000aaad700000) (1024K)]
=>0x000001d879201c20 JavaThread "Attach Listener"            daemon [_thread_in_vm, id=31560, stack(0x000000aaad700000,0x000000aaad800000) (1024K)]
  0x000001d879203bd0 JavaThread "Service Thread"             daemon [_thread_blocked, id=12520, stack(0x000000aaad800000,0x000000aaad900000) (1024K)]
  0x000001d879206240 JavaThread "Monitor Deflation Thread"   daemon [_thread_blocked, id=2860, stack(0x000000aaad900000,0x000000aaada00000) (1024K)]
  0x000001d879207070 JavaThread "C2 CompilerThread0"         daemon [_thread_blocked, id=5568, stack(0x000000aaada00000,0x000000aaadb00000) (1024K)]
  0x000001d87ac2b7d0 JavaThread "C1 CompilerThread0"         daemon [_thread_blocked, id=30340, stack(0x000000aaadb00000,0x000000aaadc00000) (1024K)]
  0x000001d87acab540 JavaThread "Common-Cleaner"             daemon [_thread_blocked, id=30944, stack(0x000000aaadc00000,0x000000aaadd00000) (1024K)]
  0x000001d87af110b0 JavaThread "Notification Thread"        daemon [_thread_blocked, id=356, stack(0x000000aaadd00000,0x000000aaade00000) (1024K)]
  0x000001d85018c450 JavaThread "Active Thread: Equinox Container: eb0e96f1-9991-49dd-8163-c1f230b601de"        [_thread_blocked, id=6776, stack(0x000000aaae400000,0x000000aaae500000) (1024K)]
  0x000001d87f7ea9f0 JavaThread "Refresh Thread: Equinox Container: eb0e96f1-9991-49dd-8163-c1f230b601de" daemon [_thread_blocked, id=18492, stack(0x000000aaae600000,0x000000aaae700000) (1024K)]
  0x000001d87f65d140 JavaThread "Framework Event Dispatcher: Equinox Container: eb0e96f1-9991-49dd-8163-c1f230b601de" daemon [_thread_blocked, id=21152, stack(0x000000aaae700000,0x000000aaae800000) (1024K)]
  0x000001d87f65dfb0 JavaThread "Start Level: Equinox Container: eb0e96f1-9991-49dd-8163-c1f230b601de" daemon [_thread_blocked, id=15768, stack(0x000000aaae800000,0x000000aaae900000) (1024K)]
  0x000001d85025b8b0 JavaThread "Bundle File Closer"         daemon [_thread_blocked, id=25048, stack(0x000000aaae900000,0x000000aaaea00000) (1024K)]
  0x000001d8503dc470 JavaThread "SCR Component Actor"        daemon [_thread_blocked, id=26888, stack(0x000000aaaea00000,0x000000aaaeb00000) (1024K)]
  0x000001d87af6ac80 JavaThread "Worker-JM"                         [_thread_blocked, id=31328, stack(0x000000aaaeb00000,0x000000aaaec00000) (1024K)]
  0x000001d87af6c030 JavaThread "Java indexing"              daemon [_thread_blocked, id=29476, stack(0x000000aaaf100000,0x000000aaaf200000) (1024K)]
  0x000001d87af6d3e0 JavaThread "JNA Cleaner"                daemon [_thread_blocked, id=24972, stack(0x000000aaaf200000,0x000000aaaf300000) (1024K)]
  0x000001d87ad640a0 JavaThread "Thread-1"                   daemon [_thread_in_native, id=17392, stack(0x000000aaaf700000,0x000000aaaf800000) (1024K)]
  0x000001d87ad62cf0 JavaThread "Thread-2"                   daemon [_thread_in_native, id=28636, stack(0x000000aaaf800000,0x000000aaaf900000) (1024K)]
  0x000001d87ad66170 JavaThread "Thread-3"                   daemon [_thread_in_native, id=22148, stack(0x000000aaaf900000,0x000000aaafa00000) (1024K)]
  0x000001d87ad63380 JavaThread "Thread-4"                   daemon [_thread_in_native, id=26156, stack(0x000000aaafa00000,0x000000aaafb00000) (1024K)]
  0x000001d87ad65450 JavaThread "Thread-5"                   daemon [_thread_in_native, id=512, stack(0x000000aaafb00000,0x000000aaafc00000) (1024K)]
  0x000001d87ad64730 JavaThread "Thread-6"                   daemon [_thread_in_native, id=28120, stack(0x000000aaafc00000,0x000000aaafd00000) (1024K)]
  0x000001d87ad67520 JavaThread "Thread-7"                   daemon [_thread_in_native, id=26456, stack(0x000000aaafd00000,0x000000aaafe00000) (1024K)]
  0x000001d87ad67bb0 JavaThread "Thread-8"                   daemon [_thread_in_native, id=3500, stack(0x000000aaafe00000,0x000000aaaff00000) (1024K)]
  0x000001d87ad64dc0 JavaThread "Thread-9"                   daemon [_thread_in_native, id=21076, stack(0x000000aaaff00000,0x000000aab0000000) (1024K)]
  0x000001d87ad65ae0 JavaThread "pool-2-thread-1"                   [_thread_blocked, id=30180, stack(0x000000aab0000000,0x000000aab0100000) (1024K)]
  0x000001d87ad68240 JavaThread "WorkspaceEventsHandler"            [_thread_blocked, id=28876, stack(0x000000aab0100000,0x000000aab0200000) (1024K)]
  0x000001d87ad688d0 JavaThread "pool-1-thread-1"                   [_thread_blocked, id=27544, stack(0x000000aab0200000,0x000000aab0300000) (1024K)]
  0x000001d850dfee50 JavaThread "Worker-68"                         [_thread_blocked, id=26656, stack(0x000000aaacd00000,0x000000aaace00000) (1024K)]
  0x000001d850dfc6f0 JavaThread "Worker-69"                         [_thread_blocked, id=26872, stack(0x000000aaacf00000,0x000000aaad000000) (1024K)]
Total: 34

Other Threads:
  0x000001d86fc15070 VMThread "VM Thread"                           [id=29072, stack(0x000000aaad300000,0x000000aaad400000) (1024K)]
  0x000001d87910ca00 WatcherThread "VM Periodic Task Thread"        [id=12232, stack(0x000000aaad200000,0x000000aaad300000) (1024K)]
  0x000001d86fb97130 WorkerThread "GC Thread#0"                     [id=28452, stack(0x000000aaad100000,0x000000aaad200000) (1024K)]
  0x000001d87f37d0a0 WorkerThread "GC Thread#1"                     [id=2600, stack(0x000000aaade00000,0x000000aaadf00000) (1024K)]
  0x000001d87f25b1d0 WorkerThread "GC Thread#2"                     [id=25572, stack(0x000000aaadf00000,0x000000aaae000000) (1024K)]
  0x000001d87f31d4b0 WorkerThread "GC Thread#3"                     [id=20796, stack(0x000000aaae000000,0x000000aaae100000) (1024K)]
  0x000001d87f31d850 WorkerThread "GC Thread#4"                     [id=26984, stack(0x000000aaae100000,0x000000aaae200000) (1024K)]
  0x000001d87f31dbf0 WorkerThread "GC Thread#5"                     [id=13896, stack(0x000000aaae200000,0x000000aaae300000) (1024K)]
  0x000001d87f2a2cb0 WorkerThread "GC Thread#6"                     [id=27748, stack(0x000000aaae300000,0x000000aaae400000) (1024K)]
  0x000001d87ae65030 WorkerThread "GC Thread#7"                     [id=24512, stack(0x000000aaae500000,0x000000aaae600000) (1024K)]
Total: 10

Threads with active compile tasks:
Total: 0

VM state: not at safepoint (normal execution)

VM Mutex/Monitor currently owned by a thread: None

Heap address: 0x0000000080000000, size: 2048 MB, Compressed Oops mode: 32-bit

CDS archive(s) mapped at: [0x000001d80f000000-0x000001d80fba0000-0x000001d80fba0000), size 12189696, SharedBaseAddress: 0x000001d80f000000, ArchiveRelocationMode: 1.
Compressed class space mapped at: 0x000001d810000000-0x000001d850000000, reserved size: 1073741824
Narrow klass base: 0x000001d80f000000, Narrow klass shift: 0, Narrow klass range: 0x100000000

GC Precious Log:
 CardTable entry size: 512
 CPUs: 8 total, 8 available
 Memory: 6030M
 Large Page Support: Disabled
 NUMA Support: Disabled
 Compressed Oops: Enabled (32-bit)
 Alignments: Space 512K, Generation 512K, Heap 2M
 Heap Min Capacity: 100M
 Heap Initial Capacity: 100M
 Heap Max Capacity: 2G
 Pre-touch: Disabled
 Parallel Workers: 8

Heap:
 PSYoungGen      total 1536K, used 557K [0x00000000d5580000, 0x00000000d5800000, 0x0000000100000000)
  eden space 1024K, 13% used [0x00000000d5580000,0x00000000d55a34a8,0x00000000d5680000)
  from space 512K, 81% used [0x00000000d5680000,0x00000000d56e8040,0x00000000d5700000)
  to   space 512K, 0% used [0x00000000d5780000,0x00000000d5780000,0x00000000d5800000)
 ParOldGen       total 1003520K, used 101270K [0x0000000080000000, 0x00000000bd400000, 0x00000000d5580000)
  object space 1003520K, 10% used [0x0000000080000000,0x00000000862e5ad0,0x00000000bd400000)
 Metaspace       used 74104K, committed 76672K, reserved 1179648K
  class space    used 7704K, committed 8704K, reserved 1048576K

Card table byte_map: [0x000001d874570000,0x000001d874980000] _byte_map_base: 0x000001d874170000

Marking Bits: (ParMarkBitMap*) 0x00007ffe80b4a340
 Begin Bits: [0x000001d874c30000, 0x000001d876c30000)
 End Bits:   [0x000001d876c30000, 0x000001d878c30000)

Polling page: 0x000001d86f910000

Metaspace:

Usage:
  Non-class:     64.84 MB used.
      Class:      7.52 MB used.
       Both:     72.37 MB used.

Virtual space:
  Non-class space:      128.00 MB reserved,      66.38 MB ( 52%) committed,  2 nodes.
      Class space:        1.00 GB reserved,       8.50 MB ( <1%) committed,  1 nodes.
             Both:        1.12 GB reserved,      74.88 MB (  6%) committed. 

Chunk freelists:
   Non-Class:  14.26 MB
       Class:  7.87 MB
        Both:  22.14 MB

MaxMetaspaceSize: unlimited
CompressedClassSpaceSize: 1.00 GB
Initial GC threshold: 21.00 MB
Current GC threshold: 124.81 MB
CDS: on
 - commit_granule_bytes: 65536.
 - commit_granule_words: 8192.
 - virtual_space_node_default_size: 8388608.
 - enlarge_chunks_in_place: 1.
 - use_allocation_guard: 0.


Internal statistics:

num_allocs_failed_limit: 9.
num_arena_births: 1430.
num_arena_deaths: 444.
num_vsnodes_births: 3.
num_vsnodes_deaths: 0.
num_space_committed: 1209.
num_space_uncommitted: 8.
num_chunks_returned_to_freelist: 580.
num_chunks_taken_from_freelist: 4980.
num_chunk_merges: 154.
num_chunk_splits: 2951.
num_chunks_enlarged: 1591.
num_inconsistent_stats: 0.

CodeHeap 'non-profiled nmethods': size=120000Kb used=14620Kb max_used=15556Kb free=105379Kb
 bounds [0x000001d807ad0000, 0x000001d808a10000, 0x000001d80f000000]
CodeHeap 'profiled nmethods': size=120000Kb used=35361Kb max_used=38473Kb free=84638Kb
 bounds [0x000001d800000000, 0x000001d8025a0000, 0x000001d807530000]
CodeHeap 'non-nmethods': size=5760Kb used=1479Kb max_used=1585Kb free=4280Kb
 bounds [0x000001d807530000, 0x000001d8077a0000, 0x000001d807ad0000]
CodeCache: size=245760Kb, used=51460Kb, max_used=55614Kb, free=194297Kb
 total_blobs=16050, nmethods=15252, adapters=702, full_count=0
Compilation: enabled, stopped_count=0, restarted_count=0

Compilation events (20 events):
Event: 8276.567 Thread 0x000001d87ac2b7d0 nmethod 17137 0x000001d800008a90 code [0x000001d800008c40, 0x000001d800008d88]
Event: 8276.567 Thread 0x000001d87ac2b7d0 17125       3       java.lang.ClassValue::getFromBackup (21 bytes)
Event: 8276.568 Thread 0x000001d87ac2b7d0 nmethod 17125 0x000001d80013e810 code [0x000001d80013e9e0, 0x000001d80013ecb0]
Event: 8276.568 Thread 0x000001d87ac2b7d0 17126       3       java.lang.ClassValue$ClassValueMap::probeBackupLocations (151 bytes)
Event: 8276.571 Thread 0x000001d87ac2b7d0 nmethod 17126 0x000001d800952a10 code [0x000001d800952cc0, 0x000001d800954108]
Event: 8276.571 Thread 0x000001d87ac2b7d0 17127   !   3       java.lang.ClassValue::getFromHashMap (70 bytes)
Event: 8276.573 Thread 0x000001d87ac2b7d0 nmethod 17127 0x000001d80046f410 code [0x000001d80046f6a0, 0x000001d8004702a8]
Event: 8276.616 Thread 0x000001d879207070 nmethod 17138 0x000001d807b44910 code [0x000001d807b44b00, 0x000001d807b44eb0]
Event: 8276.617 Thread 0x000001d879207070 17132       4       java.lang.ClassValue::castEntry (2 bytes)
Event: 8276.618 Thread 0x000001d879207070 nmethod 17132 0x000001d80831b510 code [0x000001d80831b6a0, 0x000001d80831b728]
Event: 8276.863 Thread 0x000001d87ac2b7d0 17139       3       org.eclipse.core.runtime.SubProgressMonitor::beginTask (54 bytes)
Event: 8276.865 Thread 0x000001d87ac2b7d0 nmethod 17139 0x000001d800058d10 code [0x000001d800058ec0, 0x000001d8000590d8]
Event: 8276.949 Thread 0x000001d879207070 17140       4       org.eclipse.jdt.core.compiler.CharOperation::equals (55 bytes)
Event: 8276.957 Thread 0x000001d879207070 nmethod 17140 0x000001d807b09c90 code [0x000001d807b09e20, 0x000001d807b0a030]
Event: 8277.213 Thread 0x000001d87ac2b7d0 17141       3       com.sun.org.apache.xerces.internal.parsers.DOMParser::setProperty (195 bytes)
Event: 8277.225 Thread 0x000001d87ac2b7d0 nmethod 17141 0x000001d8000ddf90 code [0x000001d8000de2a0, 0x000001d8000df180]
Event: 8277.225 Thread 0x000001d87ac2b7d0 17142   !   3       com.sun.org.apache.xerces.internal.parsers.DOMParser::setProperty0 (96 bytes)
Event: 8277.236 Thread 0x000001d87ac2b7d0 nmethod 17142 0x000001d8004f9610 code [0x000001d8004f9860, 0x000001d8004fa2f8]
Event: 8277.251 Thread 0x000001d87ac2b7d0 17143       3       java.util.LinkedHashMap$LinkedEntrySet::size (8 bytes)
Event: 8277.252 Thread 0x000001d87ac2b7d0 nmethod 17143 0x000001d8000cb490 code [0x000001d8000cb620, 0x000001d8000cb738]

GC Heap History (20 events):
Event: 7981.651 GC heap before
{Heap before GC invocations=2346 (full 3):
 PSYoungGen      total 1536K, used 1248K [0x00000000d5580000, 0x00000000d5800000, 0x0000000100000000)
  eden space 1024K, 100% used [0x00000000d5580000,0x00000000d5680000,0x00000000d5680000)
  from space 512K, 43% used [0x00000000d5780000,0x00000000d57b8000,0x00000000d5800000)
  to   space 512K, 0% used [0x00000000d5680000,0x00000000d5680000,0x00000000d5700000)
 ParOldGen       total 971264K, used 971112K [0x0000000080000000, 0x00000000bb480000, 0x00000000d5580000)
  object space 971264K, 99% used [0x0000000080000000,0x00000000bb45a170,0x00000000bb480000)
 Metaspace       used 75574K, committed 77312K, reserved 1179648K
  class space    used 7911K, committed 8704K, reserved 1048576K
}
Event: 7981.663 GC heap after
{Heap after GC invocations=2346 (full 3):
 PSYoungGen      total 1536K, used 512K [0x00000000d5580000, 0x00000000d5880000, 0x0000000100000000)
  eden space 1024K, 0% used [0x00000000d5580000,0x00000000d5580000,0x00000000d5680000)
  from space 512K, 100% used [0x00000000d5680000,0x00000000d5700000,0x00000000d5700000)
  to   space 1024K, 0% used [0x00000000d5780000,0x00000000d5780000,0x00000000d5880000)
 ParOldGen       total 971264K, used 971176K [0x0000000080000000, 0x00000000bb480000, 0x00000000d5580000)
  object space 971264K, 99% used [0x0000000080000000,0x00000000bb46a170,0x00000000bb480000)
 Metaspace       used 75574K, committed 77312K, reserved 1179648K
  class space    used 7911K, committed 8704K, reserved 1048576K
}
Event: 7982.025 GC heap before
{Heap before GC invocations=2347 (full 3):
 PSYoungGen      total 1536K, used 1535K [0x00000000d5580000, 0x00000000d5880000, 0x0000000100000000)
  eden space 1024K, 99% used [0x00000000d5580000,0x00000000d567ffd0,0x00000000d5680000)
  from space 512K, 100% used [0x00000000d5680000,0x00000000d5700000,0x00000000d5700000)
  to   space 1024K, 0% used [0x00000000d5780000,0x00000000d5780000,0x00000000d5880000)
 ParOldGen       total 971264K, used 971176K [0x0000000080000000, 0x00000000bb480000, 0x00000000d5580000)
  object space 971264K, 99% used [0x0000000080000000,0x00000000bb46a170,0x00000000bb480000)
 Metaspace       used 75589K, committed 77312K, reserved 1179648K
  class space    used 7911K, committed 8704K, reserved 1048576K
}
Event: 7982.033 GC heap after
{Heap after GC invocations=2347 (full 3):
 PSYoungGen      total 1536K, used 224K [0x00000000d5580000, 0x00000000d5800000, 0x0000000100000000)
  eden space 1024K, 0% used [0x00000000d5580000,0x00000000d5580000,0x00000000d5680000)
  from space 512K, 43% used [0x00000000d5780000,0x00000000d57b8000,0x00000000d5800000)
  to   space 512K, 0% used [0x00000000d5680000,0x00000000d5680000,0x00000000d5700000)
 ParOldGen       total 971776K, used 971549K [0x0000000080000000, 0x00000000bb500000, 0x00000000d5580000)
  object space 971776K, 99% used [0x0000000080000000,0x00000000bb4c7488,0x00000000bb500000)
 Metaspace       used 75589K, committed 77312K, reserved 1179648K
  class space    used 7911K, committed 8704K, reserved 1048576K
}
Event: 7982.473 GC heap before
{Heap before GC invocations=2348 (full 3):
 PSYoungGen      total 1536K, used 1248K [0x00000000d5580000, 0x00000000d5800000, 0x0000000100000000)
  eden space 1024K, 100% used [0x00000000d5580000,0x00000000d5680000,0x00000000d5680000)
  from space 512K, 43% used [0x00000000d5780000,0x00000000d57b8000,0x00000000d5800000)
  to   space 512K, 0% used [0x00000000d5680000,0x00000000d5680000,0x00000000d5700000)
 ParOldGen       total 971776K, used 971549K [0x0000000080000000, 0x00000000bb500000, 0x00000000d5580000)
  object space 971776K, 99% used [0x0000000080000000,0x00000000bb4c7488,0x00000000bb500000)
 Metaspace       used 75601K, committed 77312K, reserved 1179648K
  class space    used 7911K, committed 8704K, reserved 1048576K
}
Event: 7982.482 GC heap after
{Heap after GC invocations=2348 (full 3):
 PSYoungGen      total 1536K, used 384K [0x00000000d5580000, 0x00000000d5800000, 0x0000000100000000)
  eden space 1024K, 0% used [0x00000000d5580000,0x00000000d5580000,0x00000000d5680000)
  from space 512K, 75% used [0x00000000d5680000,0x00000000d56e0000,0x00000000d5700000)
  to   space 512K, 0% used [0x00000000d5780000,0x00000000d5780000,0x00000000d5800000)
 ParOldGen       total 971776K, used 971693K [0x0000000080000000, 0x00000000bb500000, 0x00000000d5580000)
  object space 971776K, 99% used [0x0000000080000000,0x00000000bb4eb488,0x00000000bb500000)
 Metaspace       used 75601K, committed 77312K, reserved 1179648K
  class space    used 7911K, committed 8704K, reserved 1048576K
}
Event: 7982.762 GC heap before
{Heap before GC invocations=2349 (full 3):
 PSYoungGen      total 1536K, used 1408K [0x00000000d5580000, 0x00000000d5800000, 0x0000000100000000)
  eden space 1024K, 100% used [0x00000000d5580000,0x00000000d5680000,0x00000000d5680000)
  from space 512K, 75% used [0x00000000d5680000,0x00000000d56e0000,0x00000000d5700000)
  to   space 512K, 0% used [0x00000000d5780000,0x00000000d5780000,0x00000000d5800000)
 ParOldGen       total 1003520K, used 1002413K [0x0000000080000000, 0x00000000bd400000, 0x00000000d5580000)
  object space 1003520K, 99% used [0x0000000080000000,0x00000000bd2eb4b8,0x00000000bd400000)
 Metaspace       used 75611K, committed 77376K, reserved 1179648K
  class space    used 7911K, committed 8704K, reserved 1048576K
}
Event: 7982.769 GC heap after
{Heap after GC invocations=2349 (full 3):
 PSYoungGen      total 1536K, used 288K [0x00000000d5580000, 0x00000000d5800000, 0x0000000100000000)
  eden space 1024K, 0% used [0x00000000d5580000,0x00000000d5580000,0x00000000d5680000)
  from space 512K, 56% used [0x00000000d5780000,0x00000000d57c8000,0x00000000d5800000)
  to   space 512K, 0% used [0x00000000d5680000,0x00000000d5680000,0x00000000d5700000)
 ParOldGen       total 1003520K, used 1002665K [0x0000000080000000, 0x00000000bd400000, 0x00000000d5580000)
  object space 1003520K, 99% used [0x0000000080000000,0x00000000bd32a4c8,0x00000000bd400000)
 Metaspace       used 75611K, committed 77376K, reserved 1179648K
  class space    used 7911K, committed 8704K, reserved 1048576K
}
Event: 7982.769 GC heap before
{Heap before GC invocations=2350 (full 4):
 PSYoungGen      total 1536K, used 288K [0x00000000d5580000, 0x00000000d5800000, 0x0000000100000000)
  eden space 1024K, 0% used [0x00000000d5580000,0x00000000d5580000,0x00000000d5680000)
  from space 512K, 56% used [0x00000000d5780000,0x00000000d57c8000,0x00000000d5800000)
  to   space 512K, 0% used [0x00000000d5680000,0x00000000d5680000,0x00000000d5700000)
 ParOldGen       total 1003520K, used 1002665K [0x0000000080000000, 0x00000000bd400000, 0x00000000d5580000)
  object space 1003520K, 99% used [0x0000000080000000,0x00000000bd32a4c8,0x00000000bd400000)
 Metaspace       used 75611K, committed 77376K, reserved 1179648K
  class space    used 7911K, committed 8704K, reserved 1048576K
}
Event: 7988.546 GC heap after
{Heap after GC invocations=2350 (full 4):
 PSYoungGen      total 1536K, used 0K [0x00000000d5580000, 0x00000000d5800000, 0x0000000100000000)
  eden space 1024K, 0% used [0x00000000d5580000,0x00000000d5580000,0x00000000d5680000)
  from space 512K, 0% used [0x00000000d5780000,0x00000000d5780000,0x00000000d5800000)
  to   space 512K, 0% used [0x00000000d5680000,0x00000000d5680000,0x00000000d5700000)
 ParOldGen       total 1003520K, used 100902K [0x0000000080000000, 0x00000000bd400000, 0x00000000d5580000)
  object space 1003520K, 10% used [0x0000000080000000,0x0000000086289ac0,0x00000000bd400000)
 Metaspace       used 74093K, committed 76672K, reserved 1179648K
  class space    used 7704K, committed 8704K, reserved 1048576K
}
Event: 7989.381 GC heap before
{Heap before GC invocations=2351 (full 4):
 PSYoungGen      total 1536K, used 1024K [0x00000000d5580000, 0x00000000d5800000, 0x0000000100000000)
  eden space 1024K, 100% used [0x00000000d5580000,0x00000000d5680000,0x00000000d5680000)
  from space 512K, 0% used [0x00000000d5780000,0x00000000d5780000,0x00000000d5800000)
  to   space 512K, 0% used [0x00000000d5680000,0x00000000d5680000,0x00000000d5700000)
 ParOldGen       total 1003520K, used 100902K [0x0000000080000000, 0x00000000bd400000, 0x00000000d5580000)
  object space 1003520K, 10% used [0x0000000080000000,0x0000000086289ac0,0x00000000bd400000)
 Metaspace       used 74095K, committed 76672K, reserved 1179648K
  class space    used 7704K, committed 8704K, reserved 1048576K
}
Event: 7989.385 GC heap after
{Heap after GC invocations=2351 (full 4):
 PSYoungGen      total 1536K, used 224K [0x00000000d5580000, 0x00000000d5800000, 0x0000000100000000)
  eden space 1024K, 0% used [0x00000000d5580000,0x00000000d5580000,0x00000000d5680000)
  from space 512K, 43% used [0x00000000d5680000,0x00000000d56b8000,0x00000000d5700000)
  to   space 512K, 0% used [0x00000000d5780000,0x00000000d5780000,0x00000000d5800000)
 ParOldGen       total 1003520K, used 100902K [0x0000000080000000, 0x00000000bd400000, 0x00000000d5580000)
  object space 1003520K, 10% used [0x0000000080000000,0x0000000086289ac0,0x00000000bd400000)
 Metaspace       used 74095K, committed 76672K, reserved 1179648K
  class space    used 7704K, committed 8704K, reserved 1048576K
}
Event: 8276.207 GC heap before
{Heap before GC invocations=2352 (full 4):
 PSYoungGen      total 1536K, used 1246K [0x00000000d5580000, 0x00000000d5800000, 0x0000000100000000)
  eden space 1024K, 99% used [0x00000000d5580000,0x00000000d567fa28,0x00000000d5680000)
  from space 512K, 43% used [0x00000000d5680000,0x00000000d56b8000,0x00000000d5700000)
  to   space 512K, 0% used [0x00000000d5780000,0x00000000d5780000,0x00000000d5800000)
 ParOldGen       total 1003520K, used 100902K [0x0000000080000000, 0x00000000bd400000, 0x00000000d5580000)
  object space 1003520K, 10% used [0x0000000080000000,0x0000000086289ac0,0x00000000bd400000)
 Metaspace       used 74098K, committed 76672K, reserved 1179648K
  class space    used 7704K, committed 8704K, reserved 1048576K
}
Event: 8276.272 GC heap after
{Heap after GC invocations=2352 (full 4):
 PSYoungGen      total 1536K, used 224K [0x00000000d5580000, 0x00000000d5800000, 0x0000000100000000)
  eden space 1024K, 0% used [0x00000000d5580000,0x00000000d5580000,0x00000000d5680000)
  from space 512K, 43% used [0x00000000d5780000,0x00000000d57b8000,0x00000000d5800000)
  to   space 512K, 0% used [0x00000000d5680000,0x00000000d5680000,0x00000000d5700000)
 ParOldGen       total 1003520K, used 101014K [0x0000000080000000, 0x00000000bd400000, 0x00000000d5580000)
  object space 1003520K, 10% used [0x0000000080000000,0x00000000862a5ac0,0x00000000bd400000)
 Metaspace       used 74098K, committed 76672K, reserved 1179648K
  class space    used 7704K, committed 8704K, reserved 1048576K
}
Event: 8277.010 GC heap before
{Heap before GC invocations=2353 (full 4):
 PSYoungGen      total 1536K, used 1248K [0x00000000d5580000, 0x00000000d5800000, 0x0000000100000000)
  eden space 1024K, 100% used [0x00000000d5580000,0x00000000d5680000,0x00000000d5680000)
  from space 512K, 43% used [0x00000000d5780000,0x00000000d57b8000,0x00000000d5800000)
  to   space 512K, 0% used [0x00000000d5680000,0x00000000d5680000,0x00000000d5700000)
 ParOldGen       total 1003520K, used 101014K [0x0000000080000000, 0x00000000bd400000, 0x00000000d5580000)
  object space 1003520K, 10% used [0x0000000080000000,0x00000000862a5ac0,0x00000000bd400000)
 Metaspace       used 74099K, committed 76672K, reserved 1179648K
  class space    used 7704K, committed 8704K, reserved 1048576K
}
Event: 8277.014 GC heap after
{Heap after GC invocations=2353 (full 4):
 PSYoungGen      total 1536K, used 256K [0x00000000d5580000, 0x00000000d5800000, 0x0000000100000000)
  eden space 1024K, 0% used [0x00000000d5580000,0x00000000d5580000,0x00000000d5680000)
  from space 512K, 50% used [0x00000000d5680000,0x00000000d56c0000,0x00000000d5700000)
  to   space 512K, 0% used [0x00000000d5780000,0x00000000d5780000,0x00000000d5800000)
 ParOldGen       total 1003520K, used 101070K [0x0000000080000000, 0x00000000bd400000, 0x00000000d5580000)
  object space 1003520K, 10% used [0x0000000080000000,0x00000000862b3ac0,0x00000000bd400000)
 Metaspace       used 74099K, committed 76672K, reserved 1179648K
  class space    used 7704K, committed 8704K, reserved 1048576K
}
Event: 8277.380 GC heap before
{Heap before GC invocations=2354 (full 4):
 PSYoungGen      total 1536K, used 1280K [0x00000000d5580000, 0x00000000d5800000, 0x0000000100000000)
  eden space 1024K, 100% used [0x00000000d5580000,0x00000000d5680000,0x00000000d5680000)
  from space 512K, 50% used [0x00000000d5680000,0x00000000d56c0000,0x00000000d5700000)
  to   space 512K, 0% used [0x00000000d5780000,0x00000000d5780000,0x00000000d5800000)
 ParOldGen       total 1003520K, used 101070K [0x0000000080000000, 0x00000000bd400000, 0x00000000d5580000)
  object space 1003520K, 10% used [0x0000000080000000,0x00000000862b3ac0,0x00000000bd400000)
 Metaspace       used 74104K, committed 76672K, reserved 1179648K
  class space    used 7704K, committed 8704K, reserved 1048576K
}
Event: 8277.384 GC heap after
{Heap after GC invocations=2354 (full 4):
 PSYoungGen      total 1536K, used 320K [0x00000000d5580000, 0x00000000d5800000, 0x0000000100000000)
  eden space 1024K, 0% used [0x00000000d5580000,0x00000000d5580000,0x00000000d5680000)
  from space 512K, 62% used [0x00000000d5780000,0x00000000d57d0000,0x00000000d5800000)
  to   space 512K, 0% used [0x00000000d5680000,0x00000000d5680000,0x00000000d5700000)
 ParOldGen       total 1003520K, used 101198K [0x0000000080000000, 0x00000000bd400000, 0x00000000d5580000)
  object space 1003520K, 10% used [0x0000000080000000,0x00000000862d3ac0,0x00000000bd400000)
 Metaspace       used 74104K, committed 76672K, reserved 1179648K
  class space    used 7704K, committed 8704K, reserved 1048576K
}
Event: 8277.535 GC heap before
{Heap before GC invocations=2355 (full 4):
 PSYoungGen      total 1536K, used 1334K [0x00000000d5580000, 0x00000000d5800000, 0x0000000100000000)
  eden space 1024K, 99% used [0x00000000d5580000,0x00000000d567da10,0x00000000d5680000)
  from space 512K, 62% used [0x00000000d5780000,0x00000000d57d0000,0x00000000d5800000)
  to   space 512K, 0% used [0x00000000d5680000,0x00000000d5680000,0x00000000d5700000)
 ParOldGen       total 1003520K, used 101198K [0x0000000080000000, 0x00000000bd400000, 0x00000000d5580000)
  object space 1003520K, 10% used [0x0000000080000000,0x00000000862d3ac0,0x00000000bd400000)
 Metaspace       used 74104K, committed 76672K, reserved 1179648K
  class space    used 7704K, committed 8704K, reserved 1048576K
}
Event: 8277.538 GC heap after
{Heap after GC invocations=2355 (full 4):
 PSYoungGen      total 1536K, used 416K [0x00000000d5580000, 0x00000000d5800000, 0x0000000100000000)
  eden space 1024K, 0% used [0x00000000d5580000,0x00000000d5580000,0x00000000d5680000)
  from space 512K, 81% used [0x00000000d5680000,0x00000000d56e8040,0x00000000d5700000)
  to   space 512K, 0% used [0x00000000d5780000,0x00000000d5780000,0x00000000d5800000)
 ParOldGen       total 1003520K, used 101270K [0x0000000080000000, 0x00000000bd400000, 0x00000000d5580000)
  object space 1003520K, 10% used [0x0000000080000000,0x00000000862e5ad0,0x00000000bd400000)
 Metaspace       used 74104K, committed 76672K, reserved 1179648K
  class space    used 7704K, committed 8704K, reserved 1048576K
}

Dll operation events (14 events):
Event: 0.045 Loaded shared library c:\Users\Shweta\.vscode\extensions\redhat.java-1.47.0-win32-x64\jre\21.0.8-win32-x86_64\bin\java.dll
Event: 0.355 Loaded shared library c:\Users\Shweta\.vscode\extensions\redhat.java-1.47.0-win32-x64\jre\21.0.8-win32-x86_64\bin\zip.dll
Event: 0.454 Loaded shared library C:\Users\Shweta\.vscode\extensions\redhat.java-1.47.0-win32-x64\jre\21.0.8-win32-x86_64\bin\instrument.dll
Event: 0.514 Loaded shared library C:\Users\Shweta\.vscode\extensions\redhat.java-1.47.0-win32-x64\jre\21.0.8-win32-x86_64\bin\net.dll
Event: 0.531 Loaded shared library C:\Users\Shweta\.vscode\extensions\redhat.java-1.47.0-win32-x64\jre\21.0.8-win32-x86_64\bin\nio.dll
Event: 0.546 Loaded shared library C:\Users\Shweta\.vscode\extensions\redhat.java-1.47.0-win32-x64\jre\21.0.8-win32-x86_64\bin\zip.dll
Event: 0.602 Loaded shared library C:\Users\Shweta\.vscode\extensions\redhat.java-1.47.0-win32-x64\jre\21.0.8-win32-x86_64\bin\jimage.dll
Event: 0.987 Loaded shared library c:\Users\Shweta\.vscode\extensions\redhat.java-1.47.0-win32-x64\jre\21.0.8-win32-x86_64\bin\verify.dll
Event: 8.718 Loaded shared library C:\Users\Shweta\AppData\Roaming\Code\User\globalStorage\redhat.java\1.47.0\config_win\org.eclipse.equinox.launcher\org.eclipse.equinox.launcher.win32.win32.x86_64_1.2.1400.v20250801-0854\eclipse_11916.dll
Event: 24.983 Loaded shared library C:\Users\Shweta\.vscode\extensions\redhat.java-1.47.0-win32-x64\jre\21.0.8-win32-x86_64\bin\management.dll
Event: 25.022 Loaded shared library C:\Users\Shweta\.vscode\extensions\redhat.java-1.47.0-win32-x64\jre\21.0.8-win32-x86_64\bin\management_ext.dll
Event: 31.695 Loaded shared library C:\Users\Shweta\AppData\Local\Temp\jna--1819055696\jna195495843078021925.dll
Event: 32.411 Loaded shared library C:\Users\Shweta\.vscode\extensions\redhat.java-1.47.0-win32-x64\jre\21.0.8-win32-x86_64\bin\sunmscapi.dll
Event: 34.113 Loaded shared library C:\Users\Shweta\.vscode\extensions\redhat.java-1.47.0-win32-x64\jre\21.0.8-win32-x86_64\bin\extnet.dll

Deoptimization events (20 events):
Event: 8276.447 Thread 0x000001d850dfc6f0 Uncommon trap: trap_request=0xffffff45 fr.pc=0x000001d8087fa06c relative=0x000000000000040c
Event: 8276.447 Thread 0x000001d850dfc6f0 Uncommon trap: reason=unstable_if action=reinterpret pc=0x000001d8087fa06c method=java.lang.ClassValue.match(Ljava/lang/ClassValue$Entry;)Z @ 12 c2
Event: 8276.447 Thread 0x000001d850dfc6f0 DEOPT PACKING pc=0x000001d8087fa06c sp=0x000000aaacffe790
Event: 8276.448 Thread 0x000001d850dfc6f0 DEOPT UNPACKING pc=0x000001d807583aa2 sp=0x000000aaacffe5e8 mode 2
Event: 8276.453 Thread 0x000001d850dfc6f0 Uncommon trap: trap_request=0xffffff45 fr.pc=0x000001d8087f9090 relative=0x00000000000003d0
Event: 8276.453 Thread 0x000001d850dfc6f0 Uncommon trap: reason=unstable_if action=reinterpret pc=0x000001d8087f9090 method=java.lang.ClassValue.match(Ljava/lang/ClassValue$Entry;)Z @ 12 c2
Event: 8276.453 Thread 0x000001d850dfc6f0 DEOPT PACKING pc=0x000001d8087f9090 sp=0x000000aaacffe3d0
Event: 8276.453 Thread 0x000001d850dfc6f0 DEOPT UNPACKING pc=0x000001d807583aa2 sp=0x000000aaacffe2a0 mode 2
Event: 8277.229 Thread 0x000001d850dfc6f0 Uncommon trap: trap_request=0xffffffbe fr.pc=0x000001d8089d4f48 relative=0x00000000000007c8
Event: 8277.229 Thread 0x000001d850dfc6f0 Uncommon trap: reason=profile_predicate action=maybe_recompile pc=0x000001d8089d4f48 method=com.sun.org.apache.xerces.internal.impl.XMLDocumentFragmentScannerImpl.scanDocument(Z)Z @ 13 c2
Event: 8277.229 Thread 0x000001d850dfc6f0 DEOPT PACKING pc=0x000001d8089d4f48 sp=0x000000aaacffdd40
Event: 8277.230 Thread 0x000001d850dfc6f0 DEOPT UNPACKING pc=0x000001d807583aa2 sp=0x000000aaacffdcf0 mode 2
Event: 8277.442 Thread 0x000001d850dfc6f0 Uncommon trap: trap_request=0xffffffbe fr.pc=0x000001d8089d4f48 relative=0x00000000000007c8
Event: 8277.442 Thread 0x000001d850dfc6f0 Uncommon trap: reason=profile_predicate action=maybe_recompile pc=0x000001d8089d4f48 method=com.sun.org.apache.xerces.internal.impl.XMLDocumentFragmentScannerImpl.scanDocument(Z)Z @ 13 c2
Event: 8277.442 Thread 0x000001d850dfc6f0 DEOPT PACKING pc=0x000001d8089d4f48 sp=0x000000aaacffdcc0
Event: 8277.443 Thread 0x000001d850dfc6f0 DEOPT UNPACKING pc=0x000001d807583aa2 sp=0x000000aaacffdc70 mode 2
Event: 8277.443 Thread 0x000001d850dfc6f0 Uncommon trap: trap_request=0xffffffbe fr.pc=0x000001d808980348 relative=0x00000000000006e8
Event: 8277.443 Thread 0x000001d850dfc6f0 Uncommon trap: reason=profile_predicate action=maybe_recompile pc=0x000001d808980348 method=com.sun.org.apache.xerces.internal.impl.XMLDocumentFragmentScannerImpl.scanDocument(Z)Z @ 13 c2
Event: 8277.443 Thread 0x000001d850dfc6f0 DEOPT PACKING pc=0x000001d808980348 sp=0x000000aaacffdca0
Event: 8277.444 Thread 0x000001d850dfc6f0 DEOPT UNPACKING pc=0x000001d807583aa2 sp=0x000000aaacffdc70 mode 2

Classes loaded (20 events):
Event: 90.740 Loading class com/sun/org/apache/xerces/internal/xni/parser/XMLParseException
Event: 90.741 Loading class com/sun/org/apache/xerces/internal/xni/parser/XMLParseException done
Event: 97.257 Loading class java/util/HashMap$UnsafeHolder
Event: 97.257 Loading class java/util/HashMap$UnsafeHolder done
Event: 97.259 Loading class java/io/ObjectStreamClass$RecordSupport
Event: 97.259 Loading class java/io/ObjectStreamClass$RecordSupport done
Event: 97.261 Loading class java/io/ObjectStreamClass$DeserializationConstructorsCache$Key$Lookup
Event: 97.261 Loading class java/io/ObjectStreamClass$DeserializationConstructorsCache$Key
Event: 97.262 Loading class java/io/ObjectStreamClass$DeserializationConstructorsCache$Key done
Event: 97.262 Loading class java/io/ObjectStreamClass$DeserializationConstructorsCache$Key$Lookup done
Event: 97.272 Loading class java/lang/invoke/BoundMethodHandle$Species_LIL
Event: 97.272 Loading class java/lang/invoke/BoundMethodHandle$Species_LIL done
Event: 97.284 Loading class java/io/ObjectStreamClass$DeserializationConstructorsCache$Key$Impl
Event: 97.285 Loading class java/io/ObjectStreamClass$DeserializationConstructorsCache$Key$Impl done
Event: 7978.203 Loading class java/lang/Throwable$WrappedPrintWriter
Event: 7978.236 Loading class java/lang/Throwable$PrintStreamOrWriter
Event: 7978.248 Loading class java/lang/Throwable$PrintStreamOrWriter done
Event: 7978.250 Loading class java/lang/Throwable$WrappedPrintWriter done
Event: 7982.735 Loading class java/nio/BufferMismatch
Event: 7982.742 Loading class java/nio/BufferMismatch done

Classes unloaded (20 events):
Event: 7984.811 Thread 0x000001d86fc15070 Unloading class 0x000001d810016400 'java/lang/invoke/LambdaForm$MH+0x000001d810016400'
Event: 7984.811 Thread 0x000001d86fc15070 Unloading class 0x000001d810014800 'java/lang/invoke/LambdaForm$MH+0x000001d810014800'
Event: 7984.811 Thread 0x000001d86fc15070 Unloading class 0x000001d81000d800 'java/lang/invoke/LambdaForm$MH+0x000001d81000d800'
Event: 7984.811 Thread 0x000001d86fc15070 Unloading class 0x000001d81000d400 'java/lang/invoke/LambdaForm$MH+0x000001d81000d400'
Event: 7984.811 Thread 0x000001d86fc15070 Unloading class 0x000001d81000d000 'java/lang/invoke/LambdaForm$MH+0x000001d81000d000'
Event: 7984.811 Thread 0x000001d86fc15070 Unloading class 0x000001d81000cc00 'java/lang/invoke/LambdaForm$MH+0x000001d81000cc00'
Event: 7984.811 Thread 0x000001d86fc15070 Unloading class 0x000001d81000c800 'java/lang/invoke/LambdaForm$BMH+0x000001d81000c800'
Event: 7984.811 Thread 0x000001d86fc15070 Unloading class 0x000001d81000c000 'java/lang/invoke/LambdaForm$DMH+0x000001d81000c000'
Event: 7984.811 Thread 0x000001d86fc15070 Unloading class 0x000001d810008c00 'java/lang/invoke/LambdaForm$MH+0x000001d810008c00'
Event: 7984.812 Thread 0x000001d86fc15070 Unloading class 0x000001d810008800 'java/lang/invoke/LambdaForm$MH+0x000001d810008800'
Event: 7984.812 Thread 0x000001d86fc15070 Unloading class 0x000001d810008400 'java/lang/invoke/LambdaForm$MH+0x000001d810008400'
Event: 7984.812 Thread 0x000001d86fc15070 Unloading class 0x000001d810007000 'java/lang/invoke/LambdaForm$MH+0x000001d810007000'
Event: 7984.812 Thread 0x000001d86fc15070 Unloading class 0x000001d810006800 'java/lang/invoke/LambdaForm$MH+0x000001d810006800'
Event: 7984.813 Thread 0x000001d86fc15070 Unloading class 0x000001d810006400 'java/lang/invoke/LambdaForm$MH+0x000001d810006400'
Event: 7984.813 Thread 0x000001d86fc15070 Unloading class 0x000001d810006000 'java/lang/invoke/LambdaForm$MH+0x000001d810006000'
Event: 7984.813 Thread 0x000001d86fc15070 Unloading class 0x000001d810005c00 'java/lang/invoke/LambdaForm$BMH+0x000001d810005c00'
Event: 7984.813 Thread 0x000001d86fc15070 Unloading class 0x000001d810004800 'java/lang/invoke/LambdaForm$DMH+0x000001d810004800'
Event: 7984.813 Thread 0x000001d86fc15070 Unloading class 0x000001d810002400 'java/lang/invoke/LambdaForm$MH+0x000001d810002400'
Event: 7984.813 Thread 0x000001d86fc15070 Unloading class 0x000001d810002000 'java/lang/invoke/LambdaForm$MH+0x000001d810002000'
Event: 7984.813 Thread 0x000001d86fc15070 Unloading class 0x000001d810001800 'java/lang/invoke/LambdaForm$MH+0x000001d810001800'

Classes redefined (0 events):
No events

Internal exceptions (20 events):
Event: 5173.546 Thread 0x000001d852139850 Exception <a 'sun/nio/fs/WindowsException'{0x00000000d5602b00}> (0x00000000d5602b00) 
thrown [s\src\hotspot\share\prims\jni.cpp, line 520]
Event: 5781.938 Thread 0x000001d852139850 Exception <a 'sun/nio/fs/WindowsException'{0x00000000d558fcc0}> (0x00000000d558fcc0) 
thrown [s\src\hotspot\share\prims\jni.cpp, line 520]
Event: 5781.943 Thread 0x000001d852139850 Exception <a 'sun/nio/fs/WindowsException'{0x00000000d5590848}> (0x00000000d5590848) 
thrown [s\src\hotspot\share\prims\jni.cpp, line 520]
Event: 6083.122 Thread 0x000001d850df9270 Exception <a 'sun/nio/fs/WindowsException'{0x00000000d559d220}> (0x00000000d559d220) 
thrown [s\src\hotspot\share\prims\jni.cpp, line 520]
Event: 6083.126 Thread 0x000001d850df9270 Exception <a 'sun/nio/fs/WindowsException'{0x00000000d559ddc0}> (0x00000000d559ddc0) 
thrown [s\src\hotspot\share\prims\jni.cpp, line 520]
Event: 6451.940 Thread 0x000001d850dfc6f0 Exception <a 'sun/nio/fs/WindowsException'{0x00000000d56313a0}> (0x00000000d56313a0) 
thrown [s\src\hotspot\share\prims\jni.cpp, line 520]
Event: 6451.947 Thread 0x000001d850dfc6f0 Exception <a 'sun/nio/fs/WindowsException'{0x00000000d5631f20}> (0x00000000d5631f20) 
thrown [s\src\hotspot\share\prims\jni.cpp, line 520]
Event: 6757.707 Thread 0x000001d850dfe130 Exception <a 'sun/nio/fs/WindowsException'{0x00000000d5659780}> (0x00000000d5659780) 
thrown [s\src\hotspot\share\prims\jni.cpp, line 520]
Event: 6757.712 Thread 0x000001d850dfe130 Exception <a 'sun/nio/fs/WindowsException'{0x00000000d565a300}> (0x00000000d565a300) 
thrown [s\src\hotspot\share\prims\jni.cpp, line 520]
Event: 7319.890 Thread 0x000001d850dfcd80 Exception <a 'sun/nio/fs/WindowsException'{0x00000000d55f2090}> (0x00000000d55f2090) 
thrown [s\src\hotspot\share\prims\jni.cpp, line 520]
Event: 7319.897 Thread 0x000001d850dfcd80 Exception <a 'sun/nio/fs/WindowsException'{0x00000000d55f29b0}> (0x00000000d55f29b0) 
thrown [s\src\hotspot\share\prims\jni.cpp, line 520]
Event: 7885.272 Thread 0x000001d850df9270 Exception <a 'sun/nio/fs/WindowsException'{0x00000000d5660310}> (0x00000000d5660310) 
thrown [s\src\hotspot\share\prims\jni.cpp, line 520]
Event: 7885.279 Thread 0x000001d850df9270 Exception <a 'sun/nio/fs/WindowsException'{0x00000000d5660e90}> (0x00000000d5660e90) 
thrown [s\src\hotspot\share\prims\jni.cpp, line 520]
Event: 7975.646 Thread 0x000001d87af6c030 Exception <a 'sun/nio/fs/WindowsException'{0x00000000d55c5ee8}> (0x00000000d55c5ee8) 
thrown [s\src\hotspot\share\prims\jni.cpp, line 520]
Event: 7978.010 Thread 0x000001d87af6c030 Exception <a 'java/io/IOException'{0x00000000d55d4f10}> (0x00000000d55d4f10) 
thrown [s\src\hotspot\share\prims\jni.cpp, line 520]
Event: 7978.011 Thread 0x000001d87af6c030 Exception <a 'java/io/IOException'{0x00000000d55d5238}> (0x00000000d55d5238) 
thrown [s\src\hotspot\share\prims\jni.cpp, line 520]
Event: 7988.547 Thread 0x000001d850df9270 Implicit null exception at 0x000001d807d97c8e to 0x000001d807d97d35
Event: 7989.149 Thread 0x000001d850df9270 Implicit null exception at 0x000001d80816a88b to 0x000001d80816bb88
Event: 8276.316 Thread 0x000001d850dfc6f0 Exception <a 'sun/nio/fs/WindowsException'{0x00000000d5585b48}> (0x00000000d5585b48) 
thrown [s\src\hotspot\share\prims\jni.cpp, line 520]
Event: 8276.322 Thread 0x000001d850dfc6f0 Exception <a 'sun/nio/fs/WindowsException'{0x00000000d55866e8}> (0x00000000d55866e8) 
thrown [s\src\hotspot\share\prims\jni.cpp, line 520]

ZGC Phase Switch (0 events):
No events

VM Operations (20 events):
Event: 8177.438 Executing VM operation: HandshakeAllThreads (HandshakeForDeflation)
Event: 8177.441 Executing VM operation: HandshakeAllThreads (HandshakeForDeflation) done
Event: 8177.441 Executing VM operation: RendezvousGCThreads
Event: 8177.441 Executing VM operation: RendezvousGCThreads done
Event: 8237.521 Executing VM operation: HandshakeAllThreads (HandshakeForDeflation)
Event: 8237.525 Executing VM operation: HandshakeAllThreads (HandshakeForDeflation) done
Event: 8237.525 Executing VM operation: RendezvousGCThreads
Event: 8237.526 Executing VM operation: RendezvousGCThreads done
Event: 8276.203 Executing VM operation: ParallelGCFailedAllocation (Allocation Failure)
Event: 8276.272 Executing VM operation: ParallelGCFailedAllocation (Allocation Failure) done
Event: 8277.010 Executing VM operation: ParallelGCFailedAllocation (Allocation Failure)
Event: 8277.014 Executing VM operation: ParallelGCFailedAllocation (Allocation Failure) done
Event: 8277.380 Executing VM operation: ParallelGCFailedAllocation (Allocation Failure)
Event: 8277.384 Executing VM operation: ParallelGCFailedAllocation (Allocation Failure) done
Event: 8277.534 Executing VM operation: ParallelGCFailedAllocation (Allocation Failure)
Event: 8277.538 Executing VM operation: ParallelGCFailedAllocation (Allocation Failure) done
Event: 8297.666 Executing VM operation: HandshakeAllThreads (HandshakeForDeflation)
Event: 8297.666 Executing VM operation: HandshakeAllThreads (HandshakeForDeflation) done
Event: 8297.666 Executing VM operation: RendezvousGCThreads
Event: 8297.666 Executing VM operation: RendezvousGCThreads done

Memory protections (0 events):
No events

Nmethod flushes (20 events):
Event: 7987.682 Thread 0x000001d86fc15070 flushing  nmethod 0x000001d801344410
Event: 7987.682 Thread 0x000001d86fc15070 flushing  nmethod 0x000001d801344890
Event: 7987.682 Thread 0x000001d86fc15070 flushing  nmethod 0x000001d80135b990
Event: 7987.682 Thread 0x000001d86fc15070 flushing  nmethod 0x000001d801369190
Event: 7987.682 Thread 0x000001d86fc15070 flushing  nmethod 0x000001d801385a10
Event: 7987.682 Thread 0x000001d86fc15070 flushing  nmethod 0x000001d801393d90
Event: 7987.682 Thread 0x000001d86fc15070 flushing  nmethod 0x000001d8013a5b90
Event: 7987.682 Thread 0x000001d86fc15070 flushing  nmethod 0x000001d8013e5390
Event: 7987.682 Thread 0x000001d86fc15070 flushing  nmethod 0x000001d8013e7010
Event: 7987.682 Thread 0x000001d86fc15070 flushing  nmethod 0x000001d801400d10
Event: 7987.682 Thread 0x000001d86fc15070 flushing  nmethod 0x000001d80142ec90
Event: 7987.683 Thread 0x000001d86fc15070 flushing  nmethod 0x000001d801431810
Event: 7987.683 Thread 0x000001d86fc15070 flushing osr nmethod 0x000001d801467790
Event: 7987.683 Thread 0x000001d86fc15070 flushing  nmethod 0x000001d801b0d890
Event: 7987.683 Thread 0x000001d86fc15070 flushing  nmethod 0x000001d801b0dd90
Event: 7987.683 Thread 0x000001d86fc15070 flushing  nmethod 0x000001d801b0f790
Event: 7987.683 Thread 0x000001d86fc15070 flushing  nmethod 0x000001d801b1b490
Event: 7987.683 Thread 0x000001d86fc15070 flushing  nmethod 0x000001d801c4a510
Event: 7987.683 Thread 0x000001d86fc15070 flushing  nmethod 0x000001d801c59390
Event: 7987.683 Thread 0x000001d86fc15070 flushing  nmethod 0x000001d801cdc310

Events (20 events):
Event: 7885.148 Thread 0x000001d850df9270 Thread added: 0x000001d850dfcd80
Event: 7885.170 Thread 0x000001d850dfcd80 Thread exited: 0x000001d850dfcd80
Event: 7885.303 Thread 0x000001d850df9270 Thread added: 0x000001d850dfc6f0
Event: 7885.307 Thread 0x000001d850dfc6f0 Thread exited: 0x000001d850dfc6f0
Event: 7975.508 Thread 0x000001d850df9270 Thread added: 0x000001d850dfee50
Event: 7975.512 Thread 0x000001d850dfee50 Thread added: 0x000001d850dfc6f0
Event: 7978.247 Thread 0x000001d850df9270 Thread added: 0x000001d850dfe130
Event: 7979.977 Thread 0x000001d850df9270 Thread added: 0x000001d850e00200
Event: 7981.498 Thread 0x000001d850df9270 Thread added: 0x000001d850dfcd80
Event: 7988.554 Thread 0x000001d850dffb70 Thread added: 0x000001d850dfb340
Event: 8042.087 Thread 0x000001d850e00200 Thread exited: 0x000001d850e00200
Event: 8049.491 Thread 0x000001d850dffb70 Thread exited: 0x000001d850dffb70
Event: 8049.493 Thread 0x000001d850df9270 Thread exited: 0x000001d850df9270
Event: 8169.538 Thread 0x000001d850dfb340 Thread exited: 0x000001d850dfb340
Event: 8276.128 Thread 0x000001d850dfc6f0 Thread added: 0x000001d850dfb340
Event: 8276.151 Thread 0x000001d850dfb340 Thread exited: 0x000001d850dfb340
Event: 8276.338 Thread 0x000001d850dfc6f0 Thread added: 0x000001d850dfb340
Event: 8276.341 Thread 0x000001d850dfb340 Thread exited: 0x000001d850dfb340
Event: 8278.343 Thread 0x000001d850dfe130 Thread exited: 0x000001d850dfe130
Event: 8281.519 Thread 0x000001d850dfcd80 Thread exited: 0x000001d850dfcd80


Dynamic libraries:
0x00007ff795d90000 - 0x00007ff795d9e000 	c:\Users\Shweta\.vscode\extensions\redhat.java-1.47.0-win32-x64\jre\21.0.8-win32-x86_64\bin\java.exe
0x00007fff410e0000 - 0x00007fff41348000 	C:\WINDOWS\SYSTEM32\ntdll.dll
0x00007fff3fc90000 - 0x00007fff3fd59000 	C:\WINDOWS\System32\KERNEL32.DLL
0x00007fff3e520000 - 0x00007fff3e918000 	C:\WINDOWS\System32\KERNELBASE.dll
0x00007fff3b420000 - 0x00007fff3b4bf000 	C:\WINDOWS\SYSTEM32\apphelp.dll
0x00007fff3e3a0000 - 0x00007fff3e4eb000 	C:\WINDOWS\System32\ucrtbase.dll
0x00007fff2b600000 - 0x00007fff2b618000 	c:\Users\Shweta\.vscode\extensions\redhat.java-1.47.0-win32-x64\jre\21.0.8-win32-x86_64\bin\jli.dll
0x00007fff40800000 - 0x00007fff409c7000 	C:\WINDOWS\System32\USER32.dll
0x00007fff3e4f0000 - 0x00007fff3e517000 	C:\WINDOWS\System32\win32u.dll
0x00007fff20570000 - 0x00007fff2058e000 	c:\Users\Shweta\.vscode\extensions\redhat.java-1.47.0-win32-x64\jre\21.0.8-win32-x86_64\bin\VCRUNTIME140.dll
0x00007fff3fc60000 - 0x00007fff3fc8b000 	C:\WINDOWS\System32\GDI32.dll
0x00007fff255e0000 - 0x00007fff25874000 	C:\WINDOWS\WinSxS\amd64_microsoft.windows.common-controls_6595b64144ccf1df_6.0.26100.7019_none_3e06ffa0e335b8a8\COMCTL32.dll
0x00007fff3ed50000 - 0x00007fff3ee7c000 	C:\WINDOWS\System32\gdi32full.dll
0x00007fff3ebf0000 - 0x00007fff3ec93000 	C:\WINDOWS\System32\msvcp_win.dll
0x00007fff40fe0000 - 0x00007fff41089000 	C:\WINDOWS\System32\msvcrt.dll
0x00007fff3fd60000 - 0x00007fff3fd91000 	C:\WINDOWS\System32\IMM32.DLL
0x00007fff34b30000 - 0x00007fff34b3c000 	c:\Users\Shweta\.vscode\extensions\redhat.java-1.47.0-win32-x64\jre\21.0.8-win32-x86_64\bin\vcruntime140_1.dll
0x00007ffec6060000 - 0x00007ffec60ed000 	c:\Users\Shweta\.vscode\extensions\redhat.java-1.47.0-win32-x64\jre\21.0.8-win32-x86_64\bin\msvcp140.dll
0x00007ffe7fe90000 - 0x00007ffe80c27000 	c:\Users\Shweta\.vscode\extensions\redhat.java-1.47.0-win32-x64\jre\21.0.8-win32-x86_64\bin\server\jvm.dll
0x00007fff40a80000 - 0x00007fff40b34000 	C:\WINDOWS\System32\ADVAPI32.dll
0x00007fff40db0000 - 0x00007fff40e56000 	C:\WINDOWS\System32\sechost.dll
0x00007fff3f370000 - 0x00007fff3f488000 	C:\WINDOWS\System32\RPCRT4.dll
0x00007fff40a00000 - 0x00007fff40a74000 	C:\WINDOWS\System32\WS2_32.dll
0x00007fff3e080000 - 0x00007fff3e0de000 	C:\WINDOWS\SYSTEM32\POWRPROF.dll
0x00007fff376e0000 - 0x00007fff37715000 	C:\WINDOWS\SYSTEM32\WINMM.dll
0x00007fff37720000 - 0x00007fff3772b000 	C:\WINDOWS\SYSTEM32\VERSION.dll
0x00007fff3e060000 - 0x00007fff3e074000 	C:\WINDOWS\SYSTEM32\UMPDC.dll
0x00007fff3cff0000 - 0x00007fff3d00b000 	C:\WINDOWS\SYSTEM32\kernel.appcore.dll
0x00007fff34850000 - 0x00007fff3485a000 	c:\Users\Shweta\.vscode\extensions\redhat.java-1.47.0-win32-x64\jre\21.0.8-win32-x86_64\bin\jimage.dll
0x00007fff317c0000 - 0x00007fff31a02000 	C:\WINDOWS\SYSTEM32\DBGHELP.DLL
0x00007fff3efe0000 - 0x00007fff3f36b000 	C:\WINDOWS\System32\combase.dll
0x00007fff3ff50000 - 0x00007fff40027000 	C:\WINDOWS\System32\OLEAUT32.dll
0x00007fff30b10000 - 0x00007fff30b4c000 	C:\WINDOWS\SYSTEM32\dbgcore.DLL
0x00007fff3eca0000 - 0x00007fff3ed45000 	C:\WINDOWS\System32\bcryptPrimitives.dll
0x00007fff2b6e0000 - 0x00007fff2b6ef000 	c:\Users\Shweta\.vscode\extensions\redhat.java-1.47.0-win32-x64\jre\21.0.8-win32-x86_64\bin\instrument.dll
0x00007fff11690000 - 0x00007fff116af000 	c:\Users\Shweta\.vscode\extensions\redhat.java-1.47.0-win32-x64\jre\21.0.8-win32-x86_64\bin\java.dll
0x00007fff3f500000 - 0x00007fff3fc4f000 	C:\WINDOWS\System32\SHELL32.dll
0x00007fff3e230000 - 0x00007fff3e39b000 	C:\WINDOWS\System32\wintypes.dll
0x00007fff3be80000 - 0x00007fff3c6dd000 	C:\WINDOWS\SYSTEM32\windows.storage.dll
0x00007fff3eee0000 - 0x00007fff3efd2000 	C:\WINDOWS\System32\SHCORE.dll
0x00007fff3fe20000 - 0x00007fff3fe87000 	C:\WINDOWS\System32\shlwapi.dll
0x00007fff3e150000 - 0x00007fff3e179000 	C:\WINDOWS\SYSTEM32\profapi.dll
0x00007fff0f820000 - 0x00007fff0f838000 	c:\Users\Shweta\.vscode\extensions\redhat.java-1.47.0-win32-x64\jre\21.0.8-win32-x86_64\bin\zip.dll
0x00007fff1e0d0000 - 0x00007fff1e0e0000 	C:\Users\Shweta\.vscode\extensions\redhat.java-1.47.0-win32-x64\jre\21.0.8-win32-x86_64\bin\net.dll
0x00007fff33e20000 - 0x00007fff33f48000 	C:\WINDOWS\SYSTEM32\WINHTTP.dll
0x00007fff3d560000 - 0x00007fff3d5cb000 	C:\WINDOWS\system32\mswsock.dll
0x00007fff0f790000 - 0x00007fff0f7a6000 	C:\Users\Shweta\.vscode\extensions\redhat.java-1.47.0-win32-x64\jre\21.0.8-win32-x86_64\bin\nio.dll
0x00007fff11f80000 - 0x00007fff11f90000 	c:\Users\Shweta\.vscode\extensions\redhat.java-1.47.0-win32-x64\jre\21.0.8-win32-x86_64\bin\verify.dll
0x00007ffefc6d0000 - 0x00007ffefc714000 	C:\Users\Shweta\AppData\Roaming\Code\User\globalStorage\redhat.java\1.47.0\config_win\org.eclipse.equinox.launcher\org.eclipse.equinox.launcher.win32.win32.x86_64_1.2.1400.v20250801-0854\eclipse_11916.dll
0x00007fff40660000 - 0x00007fff407f7000 	C:\WINDOWS\System32\ole32.dll
0x00007fff11600000 - 0x00007fff1160a000 	C:\Users\Shweta\.vscode\extensions\redhat.java-1.47.0-win32-x64\jre\21.0.8-win32-x86_64\bin\management.dll
0x00007fff10950000 - 0x00007fff1095b000 	C:\Users\Shweta\.vscode\extensions\redhat.java-1.47.0-win32-x64\jre\21.0.8-win32-x86_64\bin\management_ext.dll
0x00007fff401c0000 - 0x00007fff401c8000 	C:\WINDOWS\System32\PSAPI.DLL
0x00007fff3d820000 - 0x00007fff3d83b000 	C:\WINDOWS\SYSTEM32\CRYPTSP.dll
0x00007fff3cf50000 - 0x00007fff3cf8a000 	C:\WINDOWS\system32\rsaenh.dll
0x00007fff3d610000 - 0x00007fff3d63b000 	C:\WINDOWS\SYSTEM32\USERENV.dll
0x00007fff3e120000 - 0x00007fff3e14a000 	C:\WINDOWS\SYSTEM32\bcrypt.dll
0x00007fff3d840000 - 0x00007fff3d84c000 	C:\WINDOWS\SYSTEM32\CRYPTBASE.dll
0x00007fff3caa0000 - 0x00007fff3cad4000 	C:\WINDOWS\SYSTEM32\IPHLPAPI.DLL
0x00007fff3ee80000 - 0x00007fff3ee8a000 	C:\WINDOWS\System32\NSI.dll
0x00007ffec62c0000 - 0x00007ffec6309000 	C:\Users\Shweta\AppData\Local\Temp\jna--1819055696\jna195495843078021925.dll
0x00007fff34000000 - 0x00007fff3401e000 	C:\WINDOWS\SYSTEM32\dhcpcsvc6.DLL
0x00007fff33f70000 - 0x00007fff33f93000 	C:\WINDOWS\SYSTEM32\dhcpcsvc.DLL
0x00007fff0f720000 - 0x00007fff0f72e000 	C:\Users\Shweta\.vscode\extensions\redhat.java-1.47.0-win32-x64\jre\21.0.8-win32-x86_64\bin\sunmscapi.dll
0x00007fff3ea70000 - 0x00007fff3ebe7000 	C:\WINDOWS\System32\CRYPT32.dll
0x00007fff3da40000 - 0x00007fff3da70000 	C:\WINDOWS\SYSTEM32\ncrypt.dll
0x00007fff3d9f0000 - 0x00007fff3da2f000 	C:\WINDOWS\SYSTEM32\NTASN1.dll
0x00007fff3cae0000 - 0x00007fff3cc0c000 	C:\WINDOWS\SYSTEM32\DNSAPI.dll
0x00007fff34530000 - 0x00007fff3453b000 	C:\Windows\System32\rasadhlp.dll
0x00007fff325b0000 - 0x00007fff32636000 	C:\WINDOWS\System32\fwpuclnt.dll
0x00007fff0f710000 - 0x00007fff0f719000 	C:\Users\Shweta\.vscode\extensions\redhat.java-1.47.0-win32-x64\jre\21.0.8-win32-x86_64\bin\extnet.dll
0x00007fff3d110000 - 0x00007fff3d146000 	C:\WINDOWS\SYSTEM32\ntmarta.dll

JVMTI agents:
c:\Users\Shweta\.vscode\extensions\redhat.java-1.47.0-win32-x64\lombok\lombok-1.18.39-4050.jar path:c:\Users\Shweta\.vscode\extensions\redhat.java-1.47.0-win32-x64\jre\21.0.8-win32-x86_64\bin\instrument.dll, loaded, initialized, instrumentlib options:none

dbghelp: loaded successfully - version: 4.0.5 - missing functions: none
symbol engine: initialized successfully - sym options: 0x614 - pdb path: .;c:\Users\Shweta\.vscode\extensions\redhat.java-1.47.0-win32-x64\jre\21.0.8-win32-x86_64\bin;C:\WINDOWS\SYSTEM32;C:\WINDOWS\WinSxS\amd64_microsoft.windows.common-controls_6595b64144ccf1df_6.0.26100.7019_none_3e06ffa0e335b8a8;c:\Users\Shweta\.vscode\extensions\redhat.java-1.47.0-win32-x64\jre\21.0.8-win32-x86_64\bin\server;C:\Users\Shweta\AppData\Roaming\Code\User\globalStorage\redhat.java\1.47.0\config_win\org.eclipse.equinox.launcher\org.eclipse.equinox.launcher.win32.win32.x86_64_1.2.1400.v20250801-0854;C:\Users\Shweta\AppData\Local\Temp\jna--1819055696

VM Arguments:
jvm_args: --add-modules=ALL-SYSTEM --add-opens=java.base/java.util=ALL-UNNAMED --add-opens=java.base/java.lang=ALL-UNNAMED --add-opens=java.base/sun.nio.fs=ALL-UNNAMED -Declipse.application=org.eclipse.jdt.ls.core.id1 -Dosgi.bundles.defaultStartLevel=4 -Declipse.product=org.eclipse.jdt.ls.core.product -Djava.import.generatesMetadataFilesAtProjectRoot=false -DDetectVMInstallationsJob.disabled=true -Dfile.encoding=utf8 -XX:+UseParallelGC -XX:GCTimeRatio=4 -XX:AdaptiveSizePolicyWeight=90 -Dsun.zip.disableMemoryMapping=true -Xmx2G -Xms100m -Xlog:disable -javaagent:c:\Users\Shweta\.vscode\extensions\redhat.java-1.47.0-win32-x64\lombok\lombok-1.18.39-4050.jar -XX:+HeapDumpOnOutOfMemoryError -XX:HeapDumpPath=c:\Users\Shweta\AppData\Roaming\Code\User\workspaceStorage\4936ef7f1eecdbdf47fabaa5b9288116\redhat.java -Daether.dependencyCollector.impl=bf 
java_command: c:\Users\Shweta\.vscode\extensions\redhat.java-1.47.0-win32-x64\server\plugins\org.eclipse.equinox.launcher_1.7.100.v20251014-1222.jar -configuration c:\Users\Shweta\AppData\Roaming\Code\User\globalStorage\redhat.java\1.47.0\config_win -data c:\Users\Shweta\AppData\Roaming\Code\User\workspaceStorage\4936ef7f1eecdbdf47fabaa5b9288116\redhat.java\jdt_ws --pipe=\\.\pipe\lsp-48223798f551461ff53a23de5b59dc64-sock
java_class_path (initial): c:\Users\Shweta\.vscode\extensions\redhat.java-1.47.0-win32-x64\server\plugins\org.eclipse.equinox.launcher_1.7.100.v20251014-1222.jar
Launcher Type: SUN_STANDARD

[Global flags]
    uintx AdaptiveSizePolicyWeight                 = 90                                        {product} {command line}
     intx CICompilerCount                          = 4                                         {product} {ergonomic}
    uintx GCTimeRatio                              = 4                                         {product} {command line}
     bool HeapDumpOnOutOfMemoryError               = true                                   {manageable} {command line}
    ccstr HeapDumpPath                             = c:\Users\Shweta\AppData\Roaming\Code\User\workspaceStorage\4936ef7f1eecdbdf47fabaa5b9288116\redhat.java         {manageable} {command line}
   size_t InitialHeapSize                          = 104857600                                 {product} {command line}
   size_t MaxHeapSize                              = 2147483648                                {product} {command line}
   size_t MaxNewSize                               = 715653120                                 {product} {ergonomic}
   size_t MinHeapDeltaBytes                        = 524288                                    {product} {ergonomic}
   size_t MinHeapSize                              = 104857600                                 {product} {command line}
   size_t NewSize                                  = 34603008                                  {product} {ergonomic}
    uintx NonNMethodCodeHeapSize                   = 5839372                                {pd product} {ergonomic}
    uintx NonProfiledCodeHeapSize                  = 122909434                              {pd product} {ergonomic}
   size_t OldSize                                  = 70254592                                  {product} {ergonomic}
    uintx ProfiledCodeHeapSize                     = 122909434                              {pd product} {ergonomic}
    uintx ReservedCodeCacheSize                    = 251658240                              {pd product} {ergonomic}
     bool SegmentedCodeCache                       = true                                      {product} {ergonomic}
   size_t SoftMaxHeapSize                          = 2147483648                             {manageable} {ergonomic}
     bool UseCompressedOops                        = true                           {product lp64_product} {ergonomic}
     bool UseLargePagesIndividualAllocation        = false                                  {pd product} {ergonomic}
     bool UseParallelGC                            = true                                      {product} {command line}

Logging:
Log output configuration:
 #0: stdout all=off uptime,level,tags foldmultilines=false
 #1: stderr all=off uptime,level,tags foldmultilines=false

Environment Variables:
CLASSPATH=C:\Users\Shweta\Downloads\mysql-connector-java-8.0.28.jar;.;
PATH=C:\Program Files\OpenJDK\jdk-11.0.8.10-hotspot\bin;C:\Python313\Scripts\;C:\Python313\;C:\Python311\Scripts\;C:\Python311\;E:\oracle\product\10.2.0\db_2\bin;F:\oracle\product\10.2.0\db_4\bin;F:\OraHome_1\bin;F:\oracle\product\10.2.0\db_2\bin;F:\oracle\product\10.2.0\db_1\bin;C:\Program Files\Common Files\Oracle\Java\javapath;C:\WINDOWS\system32;C:\WINDOWS;C:\WINDOWS\System32\Wbem;C:\WINDOWS\System32\WindowsPowerShell\v1.0\;C:\WINDOWS\System32\OpenSSH\;C:\Program Files\dotnet\;C:\ProgramData\chocolatey\bin;C:\Program Files\Java\jdk-18.0.1.1\bin;C:\Program Files\MySQL\MySQL Server 8.0\bin;C:\Program Files\Git\cmd;C:\Program Files\nodejs\npm;C:\Users\Shweta\AppData\Roaming\npm;C:\Program Files\nodejs\;C:\Users\Shweta\.cargo\bin;C:\Program Files\MySQL\MySQL Shell 8.0\bin\;C:\Users\Shweta\AppData\Local\Programs\Python\Python39\Scripts\;C:\Users\Shweta\AppData\Local\Programs\Python\Python39\;C:\Users\Shweta\AppData\Local\Microsoft\WindowsApps;C:\Users\Shweta\AppData\Local\Programs\Microsoft VS Code\bin;C:\Program Files\JetBrains\IntelliJ IDEA 2024.1.4\bin;C:\Program Files\PostgreSQL\17\bin
USERNAME=Shweta
OS=Windows_NT
PROCESSOR_IDENTIFIER=AMD64 Family 23 Model 24 Stepping 1, AuthenticAMD
TMP=C:\Users\Shweta\AppData\Local\Temp
TEMP=C:\Users\Shweta\AppData\Local\Temp




Periodic native trim disabled

---------------  S Y S T E M  ---------------

OS:
 Windows 11 , 64 bit Build 26100 (10.0.26100.7019)
OS uptime: 1 days 11:26 hours

CPU: total 8 (initial active 8) (8 cores per cpu, 2 threads per core) family 23 model 24 stepping 1 microcode 0x810810e, cx8, cmov, fxsr, ht, mmx, 3dnowpref, sse, sse2, sse3, ssse3, sse4a, sse4.1, sse4.2, popcnt, lzcnt, tsc, tscinvbit, avx, avx2, aes, clmul, bmi1, bmi2, adx, sha, fma, vzeroupper, clflush, clflushopt, rdtscp, f16c
Processor Information for the first 8 processors :
  Max Mhz: 2300, Current Mhz: 2300, Mhz Limit: 2300

Memory: 4k page, system-wide physical 6030M (381M free)
TotalPageFile size 24133M (AvailPageFile size 0M)
current process WorkingSet (physical memory assigned to process): 12M, peak: 1120M
current process commit charge ("private bytes"): 1334M, peak: 1336M

vm_info: OpenJDK 64-Bit Server VM (21.0.8+9-LTS) for windows-amd64 JRE (21.0.8+9-LTS), built on 2025-07-15T00:00:00Z by "admin" with MS VC++ 17.7 (VS2022)

END.
